// Jest Snapshot v1, https://goo.gl/fbAQLP

exports[`selected area should render correctly 1`] = `
<Row
  align="middle"
  gutter={0}
  justify="space-between"
  style={
    Object {
      "marginBottom": "7px",
    }
  }
>
  header
  <Col>
    <Memo(RadioGroup)
      defaultValue="100"
      onChange={[MockFunction]}
    >
      <ForwardRef(RadioButton)
        key="011"
        value="011"
      >
        <span
          style={
            Object {
              "margin": "0px 8px",
            }
          }
        />
      </ForwardRef(RadioButton)>
    </Memo(RadioGroup)>
  </Col>
  <Col>
    <div
      className="header2-text calendar-action-header"
    >
      <Button
        block={false}
        ghost={false}
        htmlType="button"
        loading={false}
        onClick={[MockFunction]}
        style={
          Object {
            "marginRight": "24px",
          }
        }
      >
        Today
      </Button>
      <ForwardRef(LeftOutlined)
        className="icon-nav"
        onClick={[MockFunction]}
        style={
          Object {
            "marginRight": "4px",
          }
        }
      />
      <ForwardRef(RightOutlined)
        className="icon-nav"
        onClick={[MockFunction]}
        style={
          Object {
            "marginLeft": "4px",
          }
        }
      />
      <Popover
        content={
          <div
            className="popover-calendar"
          >
            <Calendar
              fullscreen={false}
              onSelect={[Function]}
              value={
                Object {
                  "format": [MockFunction],
                }
              }
            />
          </div>
        }
        mouseEnterDelay={0.1}
        mouseLeaveDelay={0.1}
        onVisibleChange={[Function]}
        overlayStyle={Object {}}
        placement="bottomRight"
        transitionName="zoom-big"
        trigger="click"
        visible={false}
      >
        <span
          className="header2-text-label"
          style={
            Object {
              "cursor": "pointer",
              "marginLeft": "16px",
            }
          }
        >
          <ForwardRef(CalendarOutlined)
            className="icon-nav"
            style={
              Object {
                "marginRight": "8px",
              }
            }
          />
          2020-04-14
        </span>
      </Popover>
    </div>
  </Col>
  customHeader
</Row>
`;
